// Jest Snapshot v1, https://goo.gl/fbAQLP

exports[`renders correctly 1`] = `
.c0 {
  min-height: calc(100vh - 50px);
  display: -webkit-box;
  display: -webkit-flex;
  display: -ms-flexbox;
  display: flex;
  -webkit-flex-direction: column;
  -ms-flex-direction: column;
  flex-direction: column;
  position: relative;
}

.c1 {
  -webkit-box-flex: 1;
  -webkit-flex-grow: 1;
  -ms-flex-positive: 1;
  flex-grow: 1;
  -webkit-flex-basis: 150px;
  -ms-flex-preferred-size: 150px;
  flex-basis: 150px;
  border-bottom: solid 1px #eee;
  padding: 1em;
}

.c6 {
  -webkit-box-flex: 5;
  -webkit-flex-grow: 5;
  -ms-flex-positive: 5;
  flex-grow: 5;
  -webkit-flex-basis: 400px;
  -ms-flex-preferred-size: 400px;
  flex-basis: 400px;
  padding: 1em;
}

.c2 h2 {
  font-family: 'ITC Avant Garde Gothic W01';
  color: #999;
  font-size: 0.75em;
  font-weight: 400;
  -webkit-letter-spacing: 0.1em;
  -moz-letter-spacing: 0.1em;
  -ms-letter-spacing: 0.1em;
  letter-spacing: 0.1em;
  margin-top: 1.5em;
  text-transform: uppercase;
}

.c3 input {
  width: 100%;
  margin: 1em 0 0 0;
  line-height: 2em;
  font-size: 1em;
  border: none;
  border-bottom: solid 1px #ddd;
  background: none;
}

.c3 input:focus {
  outline: none;
}

.c4 {
  font-size: 80%;
  color: #999;
  line-height: 140%;
  margin: 2em 0;
  opacity: 0.25;
  -webkit-transition: opacity 0.75s;
  transition: opacity 0.75s;
}

.c4:hover {
  opacity: 1;
  -webkit-transition: opacity 0.25s;
  transition: opacity 0.25s;
}

.c4 .filter {
  margin-top: 1em;
}

.c4 .filter a {
  color: #ccc;
  margin-right: 0.5em;
}

.c4 .filter a.active {
  color: #333;
  font-weight: bold;
  -webkit-text-decoration: none;
  text-decoration: none;
  cursor: default;
}

.c5 {
  display: block;
  width: 100%;
  padding: 18px 30px 15px 30px;
  background: #F8F8F8;
  color: #cccccc;
  border: solid 1px #F8F8F8;
  font-family: 'ITC Avant Garde Gothic W01';
  font-weight: normal;
  font-size: 13px;
  line-height: 13px;
  text-transform: uppercase;
  -webkit-transition: none;
  transition: none;
  cursor: not-allowed;
}

.c12 {
  display: inline-block;
  padding: 18px 30px 15px 30px;
  background: #F8F8F8;
  color: #cccccc;
  border: solid 1px #F8F8F8;
  font-family: 'ITC Avant Garde Gothic W01';
  font-weight: normal;
  font-size: 13px;
  line-height: 13px;
  text-transform: uppercase;
  -webkit-transition: none;
  transition: none;
  cursor: not-allowed;
}

.c18 {
  display: inline-block;
  padding: 18px 30px 15px 30px;
  background: #ffffff;
  color: #000000;
  border: solid 1px #000000;
  font-family: 'ITC Avant Garde Gothic W01';
  font-weight: normal;
  font-size: 13px;
  line-height: 13px;
  text-transform: uppercase;
  -webkit-transition-property: background,border-color,color;
  transition-property: background,border-color,color;
  -webkit-transition-duration: 0.15s;
  transition-duration: 0.15s;
  cursor: pointer;
  -webkit-text-decoration: none;
  text-decoration: none;
  text-align: center;
}

.c18:hover {
  background: #6E1FFF;
  border-color: #6E1FFF;
  color: #ffffff;
}

.c19 {
  display: inline-block;
  padding: 18px 30px 15px 30px;
  background: #000000;
  color: #ffffff;
  border: solid 1px #000000;
  font-family: 'ITC Avant Garde Gothic W01';
  font-weight: normal;
  font-size: 13px;
  line-height: 13px;
  text-transform: uppercase;
  -webkit-transition-property: background,border-color,color;
  transition-property: background,border-color,color;
  -webkit-transition-duration: 0.15s;
  transition-duration: 0.15s;
  cursor: pointer;
  -webkit-text-decoration: none;
  text-decoration: none;
  text-align: center;
}

.c19:hover {
  background: #6E1FFF;
  border-color: #6E1FFF;
  color: #ffffff;
}

.c11 {
  color: #666666;
}

.c7 {
  display: -webkit-box;
  display: -webkit-flex;
  display: -ms-flexbox;
  display: flex;
  -webkit-flex-direction: column;
  -ms-flex-direction: column;
  flex-direction: column;
}

.c7 .counts {
  display: inline-block;
  width: 75%;
  padding: 0.75em;
}

.c7 .select {
  display: inline-block;
  width: 25%;
  padding: 0.75em;
  text-align: right;
}

.c7 .select a {
  margin: 0 0.25em;
}

.c7 .results {
  display: -webkit-box;
  display: -webkit-flex;
  display: -ms-flexbox;
  display: flex;
  -webkit-flex-flow: row wrap;
  -ms-flex-flow: row wrap;
  flex-flow: row wrap;
}

.c16 {
  position: fixed;
  left: 50%;
  top: 40%;
  width: 600px;
  height: auto;
  background: white;
  z-index: 2;
  padding: 20px;
  visibility: hidden;
  opacity: 0;
  -webkit-transform: scale(0.95) translate(-50%,-50%);
  -ms-transform: scale(0.95) translate(-50%,-50%);
  transform: scale(0.95) translate(-50%,-50%);
  -webkit-transition: all 0.25s;
  transition: all 0.25s;
}

.c16.modal-open {
  visibility: visible;
  opacity: 1;
  -webkit-transform: scale(1) translate(-50%,-50%);
  -ms-transform: scale(1) translate(-50%,-50%);
  transform: scale(1) translate(-50%,-50%);
  -webkit-transition: all 0.125s;
  transition: all 0.125s;
}

.c16 h1 {
  font-weight: normal;
  font-size: 1.5em;
  color: #666666;
}

.c16 section {
  color: #333333;
  border-top: solid 1px #E5E5E5;
  margin-top: 1em;
  padding-top: 1em;
}

.c16 section p {
  margin-bottom: 1em;
}

.c17 {
  border-top: solid 1px #E5E5E5;
  margin-top: 1em;
  padding-top: 1em;
  display: -webkit-box;
  display: -webkit-flex;
  display: -ms-flexbox;
  display: flex;
  -webkit-flex-direction: row;
  -ms-flex-direction: row;
  flex-direction: row;
  -webkit-box-pack: end;
  -webkit-justify-content: flex-end;
  -ms-flex-pack: end;
  justify-content: flex-end;
}

.c17 a {
  margin-left: 1em;
}

.c9 {
  padding: 18px 30px;
}

.c10 {
  display: -webkit-box;
  display: -webkit-flex;
  display: -ms-flexbox;
  display: flex;
  -webkit-flex-direction: row;
  -ms-flex-direction: row;
  flex-direction: row;
  -webkit-box-pack: justify;
  -webkit-justify-content: space-between;
  -ms-flex-pack: justify;
  justify-content: space-between;
  -webkit-align-items: center;
  -webkit-box-align: center;
  -ms-flex-align: center;
  align-items: center;
  padding-bottom: 20px;
  border-bottom: solid 1px #DBDBDB;
}

.c13 {
  display: -webkit-box;
  display: -webkit-flex;
  display: -ms-flexbox;
  display: flex;
  -webkit-flex-flow: row wrap;
  -ms-flex-flow: row wrap;
  flex-flow: row wrap;
  padding: 30px 0;
}

.c14 {
  -webkit-align-self: center;
  -ms-flex-item-align: center;
  align-self: center;
  text-align: center;
}

.c15 {
  height: 5em;
}

.c8 {
  position: fixed;
  left: 0px;
  top: 0px;
  right: 0px;
  bottom: 0px;
  background: white;
  overflow: scroll;
  visibility: hidden;
  opacity: 0;
  -webkit-transform: scale(0.95);
  -ms-transform: scale(0.95);
  transform: scale(0.95);
  -webkit-transition: all 0.25s;
  transition: all 0.25s;
}

.c8.modal-open {
  visibility: visible;
  opacity: 1;
  -webkit-transform: scale(1);
  -ms-transform: scale(1);
  transform: scale(1);
  -webkit-transition: all 0.125s;
  transition: all 0.125s;
}

.c20 {
  position: fixed;
  top: 0;
  right: 0;
  width: 25%;
  min-width: 20em;
  padding: 1em;
  font-size: 0.9em;
}

@media (min-width:768px) {
  .c0 {
    -webkit-flex-direction: row;
    -ms-flex-direction: row;
    flex-direction: row;
  }
}

@media (min-width:768px) {
  .c1 {
    border-bottom: none;
    border-right: solid 1px #eee;
  }
}

<div
  className="c0"
>
  <div
    className="c1"
  >
    <div
      className=""
    >
      <div
        className="c2"
      />
      <div
        className="GenericAutosuggest"
      >
        <div
          className="react-autosuggest__container"
        >
          <input
            aria-activedescendant={null}
            aria-autocomplete="list"
            aria-expanded={false}
            aria-haspopup={false}
            aria-owns="react-autowhatever-gene-autosuggest"
            autoComplete="off"
            className="react-autosuggest__input"
            onBlur={[Function]}
            onChange={[Function]}
            onFocus={[Function]}
            onKeyDown={[Function]}
            placeholder="Add a gene"
            role="combobox"
            type="text"
            value=""
          />
          <div
            className="react-autosuggest__suggestions-container"
            id="react-autowhatever-gene-autosuggest"
          />
        </div>
      </div>
      <div
        className="GenericAutosuggest"
      >
        <div
          className="react-autosuggest__container"
        >
          <input
            aria-activedescendant={null}
            aria-autocomplete="list"
            aria-expanded={false}
            aria-haspopup={false}
            aria-owns="react-autowhatever-tag-autosuggest"
            autoComplete="off"
            className="react-autosuggest__input"
            onBlur={[Function]}
            onChange={[Function]}
            onFocus={[Function]}
            onKeyDown={[Function]}
            placeholder="Add a tag"
            role="combobox"
            type="text"
            value=""
          />
          <div
            className="react-autosuggest__suggestions-container"
            id="react-autowhatever-tag-autosuggest"
          />
        </div>
      </div>
      <div
        className="GenericAutosuggest"
      >
        <div
          className="react-autosuggest__container"
        >
          <input
            aria-activedescendant={null}
            aria-autocomplete="list"
            aria-expanded={false}
            aria-haspopup={false}
            aria-owns="react-autowhatever-partner-autosuggest"
            autoComplete="off"
            className="react-autosuggest__input"
            onBlur={[Function]}
            onChange={[Function]}
            onFocus={[Function]}
            onKeyDown={[Function]}
            placeholder="Select a partner"
            role="combobox"
            type="text"
            value=""
          />
          <div
            className="react-autosuggest__suggestions-container"
            id="react-autowhatever-partner-autosuggest"
          />
        </div>
      </div>
      <div
        className="GenericAutosuggest"
      >
        <div
          className="react-autosuggest__container"
        >
          <input
            aria-activedescendant={null}
            aria-autocomplete="list"
            aria-expanded={false}
            aria-haspopup={false}
            aria-owns="react-autowhatever-fair-autosuggest"
            autoComplete="off"
            className="react-autosuggest__input"
            onBlur={[Function]}
            onChange={[Function]}
            onFocus={[Function]}
            onKeyDown={[Function]}
            placeholder="Select a fair"
            role="combobox"
            type="text"
            value=""
          />
          <div
            className="react-autosuggest__suggestions-container"
            id="react-autowhatever-fair-autosuggest"
          />
        </div>
      </div>
      <div
        className="c3"
      >
        <input
          onChange={[Function]}
          onKeyPress={[Function]}
          placeholder="Created after date"
          type="text"
          value=""
        />
        <div
          className="parsed"
        >
          <a
            href="#"
            onClick={[Function]}
          />
        </div>
      </div>
      <div
        className="c3"
      >
        <input
          onChange={[Function]}
          onKeyPress={[Function]}
          placeholder="Created before date"
          type="text"
          value=""
        />
        <div
          className="parsed"
        >
          <a
            href="#"
            onClick={[Function]}
          />
        </div>
      </div>
      <div
        className="c4"
      >
        <div
          className="filter"
        >
          <div>
            Published?
          </div>
          <a
            className="active"
            href="#"
            onClick={[Function]}
          >
            All
          </a>
          <a
            className={null}
            href="#"
            onClick={[Function]}
          >
            Published
          </a>
          <a
            className={null}
            href="#"
            onClick={[Function]}
          >
            Not published
          </a>
        </div>
        <div
          className="filter"
        >
          <div>
            Genomed?
          </div>
          <a
            className="active"
            href="#"
            onClick={[Function]}
          >
            All
          </a>
          <a
            className={null}
            href="#"
            onClick={[Function]}
          >
            Genomed
          </a>
          <a
            className={null}
            href="#"
            onClick={[Function]}
          >
            Not genomed
          </a>
        </div>
      </div>
      <button
        className="c5"
        disabled={true}
      >
        Edit Artworks
      </button>
    </div>
  </div>
  <div
    className="c6"
  >
    <div
      className="c7"
    >
      <div
        className="results"
      />
    </div>
  </div>
  <div
    className="c8"
  >
    <div
      className="c9"
    >
      <div
        className="c10"
      >
        <a
          className="cancel c11"
          href="#"
          onClick={[Function]}
        >
          Cancel
        </a>
        <div>
          0
           works selected
        </div>
        <button
          className="queue c12"
          disabled={true}
          onClick={[Function]}
        >
          Queue changes
        </button>
      </div>
      <div
        className="c13"
      />
      <div
        className="c14"
      >
        There aren’t any genes that describe all of your selected works
      </div>
      <div
        className="GenericAutosuggest"
      >
        <div
          className="react-autosuggest__container"
        >
          <input
            aria-activedescendant={null}
            aria-autocomplete="list"
            aria-expanded={false}
            aria-haspopup={false}
            aria-owns="react-autowhatever-gene-autosuggest"
            autoComplete="off"
            className="react-autosuggest__input"
            onBlur={[Function]}
            onChange={[Function]}
            onFocus={[Function]}
            onKeyDown={[Function]}
            placeholder="Add a gene"
            role="combobox"
            type="text"
            value=""
          />
          <div
            className="react-autosuggest__suggestions-container"
            id="react-autowhatever-gene-autosuggest"
          />
        </div>
      </div>
      <div
        className="c15"
      />
      <div
        className="c16"
      >
        <h1>
          Are you sure you want to queue these changes?
        </h1>
        <section>
          <p>
            You will be changing the genome of 
            0
             works
          </p>
        </section>
        <div
          className="c17"
        >
          <a
            className="dismiss c18"
            href="#"
            onClick={[Function]}
          >
            Go back
          </a>
          <a
            className="accept c19"
            href="#"
            onClick={[Function]}
          >
            Continue
          </a>
        </div>
      </div>
    </div>
  </div>
  <div
    className="c20"
  />
</div>
`;
