exports[`test renders correctly 1`] = `
<div>
  <div
    className="hZEvTU">
    <div
      className="eWsBsv">
      <div
        className="foqgVb">
        <div />
        <div
          className="GenericAutosuggest">
          <div
            className="react-autosuggest__container">
            <input
              aria-activedescendant={null}
              aria-autocomplete="list"
              aria-expanded={false}
              aria-haspopup={false}
              aria-owns="react-autowhatever-gene-autosuggest"
              autoComplete="off"
              className="react-autosuggest__input"
              onBlur={[Function]}
              onChange={[Function]}
              onFocus={[Function]}
              onKeyDown={[Function]}
              placeholder="Add a gene"
              role="combobox"
              type="text"
              value="" />
            <div
              className="react-autosuggest__suggestions-container"
              id="react-autowhatever-gene-autosuggest" />
          </div>
        </div>
        <div
          className="GenericAutosuggest">
          <div
            className="react-autosuggest__container">
            <input
              aria-activedescendant={null}
              aria-autocomplete="list"
              aria-expanded={false}
              aria-haspopup={false}
              aria-owns="react-autowhatever-tag-autosuggest"
              autoComplete="off"
              className="react-autosuggest__input"
              onBlur={[Function]}
              onChange={[Function]}
              onFocus={[Function]}
              onKeyDown={[Function]}
              placeholder="Add a tag"
              role="combobox"
              type="text"
              value="" />
            <div
              className="react-autosuggest__suggestions-container"
              id="react-autowhatever-tag-autosuggest" />
          </div>
        </div>
        <div
          className="GenericAutosuggest">
          <div
            className="react-autosuggest__container">
            <input
              aria-activedescendant={null}
              aria-autocomplete="list"
              aria-expanded={false}
              aria-haspopup={false}
              aria-owns="react-autowhatever-partner-autosuggest"
              autoComplete="off"
              className="react-autosuggest__input"
              onBlur={[Function]}
              onChange={[Function]}
              onFocus={[Function]}
              onKeyDown={[Function]}
              placeholder="Select a partner"
              role="combobox"
              type="text"
              value="" />
            <div
              className="react-autosuggest__suggestions-container"
              id="react-autowhatever-partner-autosuggest" />
          </div>
        </div>
        <div
          className="GenericAutosuggest">
          <div
            className="react-autosuggest__container">
            <input
              aria-activedescendant={null}
              aria-autocomplete="list"
              aria-expanded={false}
              aria-haspopup={false}
              aria-owns="react-autowhatever-fair-autosuggest"
              autoComplete="off"
              className="react-autosuggest__input"
              onBlur={[Function]}
              onChange={[Function]}
              onFocus={[Function]}
              onKeyDown={[Function]}
              placeholder="Select a fair"
              role="combobox"
              type="text"
              value="" />
            <div
              className="react-autosuggest__suggestions-container"
              id="react-autowhatever-fair-autosuggest" />
          </div>
        </div>
        <div
          className="FilterOptions">
          <div
            className="PublishedFilter">
            <div>
              Published?
            </div>
            <a
              className="active"
              href="#"
              onClick={[Function]}>
              All
            </a>
            <a
              className={null}
              href="#"
              onClick={[Function]}>
              Published
            </a>
            <a
              className={null}
              href="#"
              onClick={[Function]}>
              Not published
            </a>
          </div>
          <div
            className="DeletedFilter">
            <div>
              Deleted?
            </div>
            <a
              className="active"
              href="#"
              onClick={[Function]}>
              All
            </a>
            <a
              className={null}
              href="#"
              onClick={[Function]}>
              Deleted
            </a>
            <a
              className={null}
              href="#"
              onClick={[Function]}>
              Not deleted
            </a>
          </div>
          <div
            className="GenomedFilter">
            <div>
              Genomed?
            </div>
            <a
              className="active"
              href="#"
              onClick={[Function]}>
              All
            </a>
            <a
              className={null}
              href="#"
              onClick={[Function]}>
              Genomed
            </a>
            <a
              className={null}
              href="#"
              onClick={[Function]}>
              Not genomed
            </a>
          </div>
        </div>
      </div>
    </div>
    <div
      className="fjVwEz">
      <div
        className="foqgVb" />
    </div>
  </div>
</div>
`;
