// Jest Snapshot v1, https://goo.gl/fbAQLP

exports[`renders correctly 1`] = `
.c0 {
  position: fixed;
  top: 0;
  left: 0;
  bottom: 0;
  right: 0;
  background: hsla(0,0%,0%,0.5);
  z-index: 1;
  display: -webkit-box;
  display: -webkit-flex;
  display: -ms-flexbox;
  display: flex;
  -webkit-flex-direction: row;
  -ms-flex-direction: row;
  flex-direction: row;
  -webkit-box-pack: center;
  -webkit-justify-content: center;
  -ms-flex-pack: center;
  justify-content: center;
  -webkit-align-items: center;
  -webkit-box-align: center;
  -ms-flex-align: center;
  align-items: center;
}

.c1 {
  box-sizing: border-box;
  padding: 2em;
  max-height: 90%;
  z-index: 2;
  background: white;
  box-shadow: 0 0 20px hsla(0,0%,0%,0.5);
  display: -webkit-box;
  display: -webkit-flex;
  display: -ms-flexbox;
  display: flex;
  -webkit-flex-direction: row;
  -ms-flex-direction: row;
  flex-direction: row;
  -webkit-box-pack: justify;
  -webkit-justify-content: space-between;
  -ms-flex-pack: justify;
  justify-content: space-between;
}

.c1 .image {
  -webkit-flex: 0 1 40%;
  -ms-flex: 0 1 40%;
  flex: 0 1 40%;
}

.c1 .details {
  max-width: 20em;
  margin-left: 1em;
  -webkit-flex: 0 1 60%;
  -ms-flex: 0 1 60%;
  flex: 0 1 60%;
}

.c1 .name {
  font-weight: bold;
}

.c1 .status {
  font-size: 0.9em;
  line-height: 125%;
  margin: 1em 0;
}

.c1 .links a {
  margin: 0 0.25em;
}

<div
  className="c0"
  onClick={[Function]}
  z={1}
>
  <div
    className="c1"
    onClickCapture={[Function]}
  >
    <div
      className="image"
    >
      <img
        alt="Soup Can"
        src="can.jpg"
      />
    </div>
    <div
      className="details"
    >
      <p
        className="name"
      >
        Soup Can
      </p>
      <p
        className="status"
      >
        Deleted: 
        false
         
        <br />
        Published: 
        true
         
        <br />
        Genomed: 
        true
      </p>
      <p
        className="links"
      >
        View artwork in:
        <a
          href="https://helix.artsy.net/genome/artworks?artwork_ids=can"
          target="_blank"
        >
          Helix
        </a>
        |
        <a
          href="https://cms.artsy.net/artworks/can/edit?current_partner_id=undefined"
          target="_blank"
        >
          CMS
        </a>
        |
        <a
          href="https://www.artsy.net/artwork/can"
          target="_blank"
        >
          Artsy.net
        </a>
      </p>
      <p
        className="links"
      >
        View artist in:
        <a
          href="https://helix.artsy.net/genome/artist?search[genome_artist_id]=undefined"
          target="_blank"
        >
          Helix
        </a>
      </p>
    </div>
  </div>
</div>
`;
