// Jest Snapshot v1, https://goo.gl/fbAQLP

exports[`DateInput renders correctly 1`] = `
<div
  className="iFTuzH"
>
  <input
    onChange={[Function]}
    onKeyPress={[Function]}
    placeholder="Select a date"
    type="text"
    value=""
  />
  <div
    className="parsed"
  >
    <a
      href="#"
      onClick={[Function]}
    />
  </div>
</div>
`;
