// Jest Snapshot v1, https://goo.gl/fbAQLP

exports[`renders correctly 1`] = `
.c2 {
  color: #666666;
}

.c4 {
  font-family: Unica77LLWebMedium,'Helvetica Neue',Helvetica,Arial,sans-serif;
  font-weight: 500;
  font-size: 14px;
  line-height: 20px;
  padding-top: 1px;
}

.c5 {
  font-family: Unica77LLWebRegular,'Helvetica Neue',Helvetica,Arial,sans-serif;
  font-size: 28px;
  line-height: 36px;
  margin-bottom: 4px;
  margin-top: 16px;
}

.c7 {
  font-family: Unica77LLWebRegular,'Helvetica Neue',Helvetica,Arial,sans-serif;
  font-size: 28px;
  line-height: 36px;
  margin-bottom: 4px;
  margin-top: 32px;
}

.c3 {
  cursor: pointer;
  position: relative;
  white-space: nowrap;
  border: 2px solid;
  border-radius: 3px;
  padding-left: 20px;
  padding-right: 20px;
  height: 41px;
  -webkit-transition: 0.25s ease;
  transition: 0.25s ease;
  background-color: #000;
  border-color: #000;
  color: #FFF;
}

.c3.loading {
  -webkit-transition: none;
  transition: none;
  background-color: transparent;
  color: transparent;
  border: 0;
  cursor: auto;
}

.c3.disabled {
  background-color: #E5E5E5;
  border-color: #E5E5E5;
  color: #FFF;
  pointer-events: none;
}

.c10 {
  cursor: pointer;
  position: relative;
  white-space: nowrap;
  border: 2px solid;
  border-radius: 3px;
  margin-left: 10px;
  margin-right: 10px;
  padding-left: 20px;
  padding-right: 20px;
  height: 41px;
  -webkit-transition: 0.25s ease;
  transition: 0.25s ease;
  background-color: #FFF;
  border-color: #E5E5E5;
  color: #000;
}

.c10.loading {
  -webkit-transition: none;
  transition: none;
  background-color: transparent;
  color: transparent;
  border: 0;
  cursor: auto;
}

.c10.disabled {
  background-color: #E5E5E5;
  border-color: #E5E5E5;
  color: #FFF;
  pointer-events: none;
}

.c8 {
  position: fixed;
  left: 50%;
  top: 40%;
  width: 600px;
  height: auto;
  background: white;
  z-index: 2;
  padding: 20px;
  visibility: hidden;
  opacity: 0;
  -webkit-transform: scale(0.95) translate(-50%,-50%);
  -ms-transform: scale(0.95) translate(-50%,-50%);
  transform: scale(0.95) translate(-50%,-50%);
  -webkit-transition: all 0.25s;
  transition: all 0.25s;
}

.c8.modal-open {
  visibility: visible;
  opacity: 1;
  -webkit-transform: scale(1) translate(-50%,-50%);
  -ms-transform: scale(1) translate(-50%,-50%);
  transform: scale(1) translate(-50%,-50%);
  -webkit-transition: all 0.125s;
  transition: all 0.125s;
}

.c8 h1 {
  font-weight: normal;
  font-size: 1.5em;
  color: #666666;
}

.c8 section {
  color: #333333;
  border-top: solid 1px #E5E5E5;
  margin-top: 1em;
  padding-top: 1em;
}

.c8 section p {
  margin-bottom: 1em;
}

.c9 {
  border-top: solid 1px #E5E5E5;
  margin-top: 1em;
  padding-top: 1em;
  display: -webkit-box;
  display: -webkit-flex;
  display: -ms-flexbox;
  display: flex;
  -webkit-flex-direction: row;
  -ms-flex-direction: row;
  flex-direction: row;
  -webkit-box-pack: end;
  -webkit-justify-content: flex-end;
  -ms-flex-pack: end;
  justify-content: flex-end;
}

.c9 a {
  margin-left: 1em;
}

.c0 {
  padding: 18px 30px;
}

.c1 {
  display: -webkit-box;
  display: -webkit-flex;
  display: -ms-flexbox;
  display: flex;
  -webkit-flex-direction: row;
  -ms-flex-direction: row;
  flex-direction: row;
  -webkit-box-pack: justify;
  -webkit-justify-content: space-between;
  -ms-flex-pack: justify;
  justify-content: space-between;
  -webkit-align-items: center;
  -webkit-box-align: center;
  -ms-flex-align: center;
  align-items: center;
  padding-bottom: 20px;
  border-bottom: solid 1px #DBDBDB;
}

.c6 {
  -webkit-align-self: center;
  -ms-flex-item-align: center;
  align-self: center;
  text-align: center;
}

@media not all and (pointer:coarse),not all and (-moz-touch-enabled:1) {
  .c3:hover {
    background-color: #6E1EFF;
    border-color: #6E1EFF;
    color: #FFF;
  }
}

@media not all and (pointer:coarse),not all and (-moz-touch-enabled:1) {
  .c10:hover {
    background-color: #FFF;
    border-color: #000;
    color: #000;
  }
}

<div
  className="c0"
>
  <div
    className="c1"
  >
    <a
      className="cancel c2"
      href="#"
      onClick={[Function]}
    >
      Cancel
    </a>
    <div>
      3
       works selected
    </div>
    <button
      className=" disabled c3"
      disabled={true}
      height="41px"
      onClick={[Function]}
    >
      <div
        className="c4"
        fontFamily={
          Object {
            "fontFamily": "Unica77LLWebMedium, 'Helvetica Neue', Helvetica, Arial, sans-serif",
            "fontWeight": 500,
          }
        }
        fontSize="14px"
      >
        Queue changes
      </div>
    </button>
  </div>
  <div
    className="c5"
    fontFamily="Unica77LLWebRegular, 'Helvetica Neue', Helvetica, Arial, sans-serif"
    fontSize="28px"
  >
    Tags
  </div>
  <div
    className="c6"
  >
    There aren’t any tags that describe all of your selected works
  </div>
  <div
    className="GenericAutosuggest"
  >
    <div
      aria-expanded={false}
      aria-haspopup="listbox"
      aria-owns="react-autowhatever-tag-autosuggest"
      className="react-autosuggest__container"
      role="combobox"
    >
      <input
        aria-activedescendant={null}
        aria-autocomplete="list"
        aria-controls="react-autowhatever-tag-autosuggest"
        autoComplete="off"
        className="react-autosuggest__input"
        onBlur={[Function]}
        onChange={[Function]}
        onFocus={[Function]}
        onKeyDown={[Function]}
        placeholder="Add a tag"
        type="text"
        value=""
      />
      <div
        className="react-autosuggest__suggestions-container"
        id="react-autowhatever-tag-autosuggest"
        role="listbox"
      />
    </div>
  </div>
  <div
    className="c7"
    fontFamily="Unica77LLWebRegular, 'Helvetica Neue', Helvetica, Arial, sans-serif"
    fontSize="28px"
  >
    Genes
  </div>
  <div
    className="c6"
  >
    There aren’t any genes that describe all of your selected works
  </div>
  <div
    className="GenericAutosuggest"
  >
    <div
      aria-expanded={false}
      aria-haspopup="listbox"
      aria-owns="react-autowhatever-gene-autosuggest"
      className="react-autosuggest__container"
      role="combobox"
    >
      <input
        aria-activedescendant={null}
        aria-autocomplete="list"
        aria-controls="react-autowhatever-gene-autosuggest"
        autoComplete="off"
        className="react-autosuggest__input"
        onBlur={[Function]}
        onChange={[Function]}
        onFocus={[Function]}
        onKeyDown={[Function]}
        placeholder="Add a gene"
        type="text"
        value=""
      />
      <div
        className="react-autosuggest__suggestions-container"
        id="react-autowhatever-gene-autosuggest"
        role="listbox"
      />
    </div>
  </div>
  <div
    className="c8"
  >
    <h1>
      Are you sure you want to queue these changes?
    </h1>
    <section>
      <p>
        You will be changing the metadata of 
        3
         
        works
      </p>
    </section>
    <div
      className="c9"
    >
      <button
        className="  c10"
        disabled={undefined}
        height="41px"
        onClick={[Function]}
      >
        <div
          className="c4"
          fontFamily={
            Object {
              "fontFamily": "Unica77LLWebMedium, 'Helvetica Neue', Helvetica, Arial, sans-serif",
              "fontWeight": 500,
            }
          }
          fontSize="14px"
        >
          Go back
        </div>
      </button>
      <button
        className="  c3"
        disabled={undefined}
        height="41px"
        onClick={[Function]}
      >
        <div
          className="c4"
          fontFamily={
            Object {
              "fontFamily": "Unica77LLWebMedium, 'Helvetica Neue', Helvetica, Arial, sans-serif",
              "fontWeight": 500,
            }
          }
          fontSize="14px"
        >
          Continue
        </div>
      </button>
    </div>
  </div>
</div>
`;
