// Jest Snapshot v1, https://goo.gl/fbAQLP

exports[`renders correctly 1`] = `
.c2 {
  color: #666666;
}

.c3 {
  display: inline-block;
  padding: 18px 30px 15px 30px;
  background: #F8F8F8;
  color: #cccccc;
  border: solid 1px #F8F8F8;
  font-family: 'ITC Avant Garde Gothic W01';
  font-weight: normal;
  font-size: 13px;
  line-height: 13px;
  text-transform: uppercase;
  -webkit-transition: none;
  transition: none;
  cursor: not-allowed;
}

.c9 {
  display: inline-block;
  padding: 18px 30px 15px 30px;
  background: #ffffff;
  color: #000000;
  border: solid 1px #000000;
  font-family: 'ITC Avant Garde Gothic W01';
  font-weight: normal;
  font-size: 13px;
  line-height: 13px;
  text-transform: uppercase;
  -webkit-transition-property: background,border-color,color;
  transition-property: background,border-color,color;
  -webkit-transition-duration: 0.15s;
  transition-duration: 0.15s;
  cursor: pointer;
  -webkit-text-decoration: none;
  text-decoration: none;
  text-align: center;
}

.c9:hover {
  background: #6E1FFF;
  border-color: #6E1FFF;
  color: #ffffff;
}

.c10 {
  display: inline-block;
  padding: 18px 30px 15px 30px;
  background: #000000;
  color: #ffffff;
  border: solid 1px #000000;
  font-family: 'ITC Avant Garde Gothic W01';
  font-weight: normal;
  font-size: 13px;
  line-height: 13px;
  text-transform: uppercase;
  -webkit-transition-property: background,border-color,color;
  transition-property: background,border-color,color;
  -webkit-transition-duration: 0.15s;
  transition-duration: 0.15s;
  cursor: pointer;
  -webkit-text-decoration: none;
  text-decoration: none;
  text-align: center;
}

.c10:hover {
  background: #6E1FFF;
  border-color: #6E1FFF;
  color: #ffffff;
}

.c7 {
  position: fixed;
  left: 50%;
  top: 40%;
  width: 600px;
  height: auto;
  background: white;
  z-index: 2;
  padding: 20px;
  visibility: hidden;
  opacity: 0;
  -webkit-transform: scale(0.95) translate(-50%,-50%);
  -ms-transform: scale(0.95) translate(-50%,-50%);
  transform: scale(0.95) translate(-50%,-50%);
  -webkit-transition: all 0.25s;
  transition: all 0.25s;
}

.c7.modal-open {
  visibility: visible;
  opacity: 1;
  -webkit-transform: scale(1) translate(-50%,-50%);
  -ms-transform: scale(1) translate(-50%,-50%);
  transform: scale(1) translate(-50%,-50%);
  -webkit-transition: all 0.125s;
  transition: all 0.125s;
}

.c7 h1 {
  font-weight: normal;
  font-size: 1.5em;
  color: #666666;
}

.c7 section {
  color: #333333;
  border-top: solid 1px #E5E5E5;
  margin-top: 1em;
  padding-top: 1em;
}

.c7 section p {
  margin-bottom: 1em;
}

.c8 {
  border-top: solid 1px #E5E5E5;
  margin-top: 1em;
  padding-top: 1em;
  display: -webkit-box;
  display: -webkit-flex;
  display: -ms-flexbox;
  display: flex;
  -webkit-flex-direction: row;
  -ms-flex-direction: row;
  flex-direction: row;
  -webkit-box-pack: end;
  -webkit-justify-content: flex-end;
  -ms-flex-pack: end;
  justify-content: flex-end;
}

.c8 a {
  margin-left: 1em;
}

.c0 {
  padding: 18px 30px;
}

.c1 {
  display: -webkit-box;
  display: -webkit-flex;
  display: -ms-flexbox;
  display: flex;
  -webkit-flex-direction: row;
  -ms-flex-direction: row;
  flex-direction: row;
  -webkit-box-pack: justify;
  -webkit-justify-content: space-between;
  -ms-flex-pack: justify;
  justify-content: space-between;
  -webkit-align-items: center;
  -webkit-box-align: center;
  -ms-flex-align: center;
  align-items: center;
  padding-bottom: 20px;
  border-bottom: solid 1px #DBDBDB;
}

.c4 {
  display: -webkit-box;
  display: -webkit-flex;
  display: -ms-flexbox;
  display: flex;
  -webkit-flex-flow: row wrap;
  -ms-flex-flow: row wrap;
  flex-flow: row wrap;
  padding: 30px 0;
}

.c5 {
  -webkit-align-self: center;
  -ms-flex-item-align: center;
  align-self: center;
  text-align: center;
}

.c6 {
  height: 5em;
}

<div
  className="c0"
>
  <div
    className="c1"
  >
    <a
      className="cancel c2"
      href="#"
      onClick={[Function]}
    >
      Cancel
    </a>
    <div>
      3
       works selected
    </div>
    <button
      className="queue c3"
      disabled={true}
      onClick={[Function]}
    >
      Queue changes
    </button>
  </div>
  <div
    className="c4"
  />
  <div
    className="c5"
  >
    There aren’t any genes that describe all of your selected works
  </div>
  <div
    className="GenericAutosuggest"
  >
    <div
      aria-expanded={false}
      aria-haspopup="listbox"
      aria-owns="react-autowhatever-gene-autosuggest"
      className="react-autosuggest__container"
      role="combobox"
    >
      <input
        aria-activedescendant={null}
        aria-autocomplete="list"
        aria-controls="react-autowhatever-gene-autosuggest"
        autoComplete="off"
        className="react-autosuggest__input"
        onBlur={[Function]}
        onChange={[Function]}
        onFocus={[Function]}
        onKeyDown={[Function]}
        placeholder="Add a gene"
        type="text"
        value=""
      />
      <div
        className="react-autosuggest__suggestions-container"
        id="react-autowhatever-gene-autosuggest"
        role="listbox"
      />
    </div>
  </div>
  <div
    className="c6"
  />
  <div
    className="c7"
  >
    <h1>
      Are you sure you want to queue these changes?
    </h1>
    <section>
      <p>
        You will be changing the genome of 
        3
         
        works
      </p>
    </section>
    <div
      className="c8"
    >
      <a
        className="dismiss c9"
        href="#"
        onClick={[Function]}
      >
        Go back
      </a>
      <a
        className="accept c10"
        href="#"
        onClick={[Function]}
      >
        Continue
      </a>
    </div>
  </div>
</div>
`;
